// Jest Snapshot v1, https://goo.gl/fbAQLP

exports[`PokemonOptions component Debe de hacer match con el snapshot 1`] = `
<div class="options-container">
  <ul id="example">
    <li>Bonsly</li>
    <li>Pikachu</li>
    <li>Sharpedo</li>
    <li>Misdreavus</li>
  </ul>
</div>
`;
